// Jest Snapshot v1, https://goo.gl/fbAQLP

exports[`List Command with flags: 1`] = `
Array [
  "  HTTP Verb           Alias                         Endpoint            
",
  "  GET                 alias                         https://example.org/anything
",
  "  GET                 teapot                        https://example.org/status/418
",
  "
",
]
`;

exports[`List Command with flags: 2`] = `
Array [
  "GET	alias	https://example.org/anything
",
  "GET	teapot	https://example.org/status/418
",
]
`;
