// Jest Snapshot v1, https://goo.gl/fbAQLP

exports[`utils loadConfig should load load the config onto Beau 1`] = `
Config {
  "COOKIEJAR": false,
  "DEFAULTS": Object {},
  "ENDPOINT": "https://example.org/",
  "ENVIRONMENT": Object {
    "_": Object {},
  },
  "HOSTS": Array [],
  "PLUGINS": Plugins {
    "context": Object {
      "createReadStream": [Function],
    },
    "registry": Object {
      "dynamicValues": Array [
        Object {
          "fn": [Function],
          "name": "createReadStream",
        },
      ],
      "postRequestModifiers": Array [],
      "preRequestModifiers": Array [],
    },
  },
  "REQUESTS": Array [
    Object {
      "ALIAS": "anything",
      "COOKIEJAR": false,
      "ENDPOINT": "https://example.org/",
      "PAYLOAD": Object {
        "name": "$env.params.name",
      },
      "REQUEST": "GET /anything",
    },
  ],
  "VERSION": 1,
  "configKeys": Array [
    "VERSION",
    "ENDPOINT",
    "PLUGINS",
    "DEFAULTS",
    "ENVIRONMENT",
    "HOSTS",
    "COOKIEJAR",
  ],
}
`;

exports[`utils loadConfig should load params onto the environment 1`] = `
Object {
  "_": Object {
    "BYE": "MARS",
    "HELLO": "WORLD",
  },
}
`;

exports[`utils openConfigFile should read and parse the given configuration file. 1`] = `
Object {
  "GET /anything": Object {
    "alias": "anything",
    "payload": Object {
      "name": "$env.params.name",
    },
  },
  "endpoint": "https://example.org/",
  "version": 1,
}
`;
