// Jest Snapshot v1, https://goo.gl/fbAQLP

exports[`Validate Command Validate the configuration file 1`] = `
Array [
  "beau.yml is valid.
",
]
`;
